// Jest Snapshot v1, https://goo.gl/fbAQLP

exports[`<CurrencyPair/> test should render component without crashing 1`] = `ReactWrapper {}`;
