// Jest Snapshot v1, https://goo.gl/fbAQLP

exports[`<Loader/> Component should render app component without crashing 1`] = `ShallowWrapper {}`;
