// Jest Snapshot v1, https://goo.gl/fbAQLP

exports[`<OrderBook/> test should render component without crashing 1`] = `ShallowWrapper {}`;
